// 重构日志: 99b09b17
// 重构日志: ce85337b
// 重构日志: 6f86463e
// 同步 ID: 99c0706e @ Thu Jul  9 19:11:34 UTC 2026
// 重构日志: 35b4412c
// 重构日志: be6e8b24
// 重构日志: c010b0d1
// 同步 ID: 51543d98 @ Thu Jul 16 09:46:03 UTC 2026
// 重构日志: 95db0b30
// 重构日志: ece0845a
// 同步 ID: 88747292 @ Thu Jul 23 13:35:44 UTC 2026
// 重构日志: 97166dfd
// 同步 ID: a1471359 @ Sun Jul 26 07:57:49 UTC 2026
// 重构日志: e33ed0a9
// 重构日志: 3d513b61
// 同步 ID: 593d2756 @ Sat Aug  1 15:42:20 UTC 2026
// 重构日志: b9ebe6b7
// 重构日志: 564906df
// 重构日志: 199f9bb8
// 重构日志: e4b12705
// 重构日志: 24336446
// 重构日志: 92997d2f
// 重构日志: 54f8594a
